{"tool":"phpunit","result":"failed","tests":4,"passed":0,"assertions":1,"duration_ms":46324,"failed":1,"failures":[{"test":"Tests\\Feature\\FinanceBulkPaymentTest::test_bulk_payment_creates_allocations_and_redirects_to_receipt","file":"C:\\wamp64\\www\\COPTAN-Web-App\\tests\\Feature\\FinanceBulkPaymentTest.php","line":22,"message":"Expected response status code [201, 301, 302, 303, 307, 308] but received 404.\nFailed asserting that false is true."}],"errors":3,"error_details":[{"test":"Tests\\Feature\\FinanceBulkPaymentTest::test_bulk_payment_with_scholarship_records_scholarship_and_reduces_outstanding","file":"C:\\wamp64\\www\\COPTAN-Web-App\\tests\\Feature\\FinanceBulkPaymentTest.php","line":127,"message":"SQLSTATE[23000]: Integrity constraint violation: 1062 Duplicata du champ '2025-2026' pour la clef 'academic_years.academic_years_label_unique' (Connection: mysql, Host: 127.0.0.1, Port: 3306, Database: coptan_db, SQL: insert into `academic_years` (`label`, `start_date`, `end_date`, `is_active`, `updated_at`, `created_at`) values (2025-2026, 2025-09-01 00:00:00, 2026-06-30 00:00:00, 1, 2026-07-21 10:49:41, 2026-07-21 10:49:41))"},{"test":"Tests\\Feature\\FinanceBulkPaymentTest::test_individual_receipt_keeps_initial_totals_after_later_payments","file":"C:\\wamp64\\www\\COPTAN-Web-App\\tests\\Feature\\FinanceBulkPaymentTest.php","line":214,"message":"SQLSTATE[23000]: Integrity constraint violation: 1062 Duplicata du champ '2025-2026' pour la clef 'academic_years.academic_years_label_unique' (Connection: mysql, Host: 127.0.0.1, Port: 3306, Database: coptan_db, SQL: insert into `academic_years` (`label`, `start_date`, `end_date`, `is_active`, `updated_at`, `created_at`) values (2025-2026, 2025-09-01 00:00:00, 2026-06-30 00:00:00, 1, 2026-07-21 10:49:42, 2026-07-21 10:49:42))"},{"test":"Tests\\Feature\\FinanceBulkPaymentTest::test_finance_index_counts_bulk_payments_once_in_summary_totals","file":"C:\\wamp64\\www\\COPTAN-Web-App\\tests\\Feature\\FinanceBulkPaymentTest.php","line":303,"message":"SQLSTATE[23000]: Integrity constraint violation: 1062 Duplicata du champ '2025-2026' pour la clef 'academic_years.academic_years_label_unique' (Connection: mysql, Host: 127.0.0.1, Port: 3306, Database: coptan_db, SQL: insert into `academic_years` (`label`, `start_date`, `end_date`, `is_active`, `updated_at`, `created_at`) values (2025-2026, 2025-09-01 00:00:00, 2026-06-30 00:00:00, 1, 2026-07-21 10:49:44, 2026-07-21 10:49:44))"}]}
